// Jest Snapshot v1, https://goo.gl/fbAQLP

exports[`Top Panel Tests should render correctly 1`] = `ShallowWrapper {}`;
